Turbo Assembler	 Version 2.0	    03/04/22 18:21:36	    Page 1
Lab1C.asm



      1				     ; Lab1C.asm file
      2				     ; AUTHOR: PABLO CUESTA SIERRA
      3
      4				     ; DATA SEGMENT
      5	0000			     DATA SEGMENT
      6	0000  ??			 LONGLIVE_MBS	     DB	?
      7	0001  CAFE			 DRINK		     DW	0CAFEH
      8	0003  012C*(??)			 TABLE300	     DB	300 DUP(?)
      9	012F  54 68 69 73 20 70	72+	 TOTALERROR2	     DB	"This programme	always crashes"
     10	      6F 67 72 61 6D 6D	65+
     11	      20 61 6C 77 61 79	73+
     12	      20 63 72 61 73 68	65+
     13	      73
     14	014C			     DATA ENDS
     15
     16				     ; STACK SEGMENT
     17	0000			     PILA    SEGMENT STACK "STACK"
     18	0000  0100*(00)			 DB   100H DUP (0)
     19	0100			     PILA ENDS
     20
     21				     ; CODE SEGMENT
     22	0000			     CODE    SEGMENT
     23					 ASSUME	CS:CODE, DS:DATA, SS:PILA
     24
     25	0000			     MAIN PROC
     26					 ;INIT SEG REGISTERS
     27	0000  B8 0000s			 MOV AX, DATA
     28	0003  8E D8			 MOV DS, AX
     29	0005  B8 0000s			 MOV AX, PILA
     30	0008  8E D0			 MOV SS, AX
     31					 ; STACK POINTER
     32	000A  BC 0100			 MOV SP, 100H
     33
     34					 ;START	PROGRAM
     35
     36				     ; Copy the	third character	of the string TOTALERROR2
     37				     ; in the position 63H of TABLE300.
     38	000D  A0 0131r			 MOV AL, TOTALERROR2[2]
     39	0010  A2 0066r			 MOV TABLE300[63H], AL
     40
     41				     ; Copy the	content	of the variable	DRINK starting in
     42				     ; the position 4 of TABLE300.
     43	0013  A1 0001r			 MOV AX, DRINK
     44	0016  A3 0007r			 MOV WORD PTR TABLE300[4], AX
     45
     46				     ; Copy the	most significant byte of DRINK in the
     47				     ; variable	LONGLIVE_MBS.
     48	0019  88 26 0000r		 MOV LONGLIVE_MBS, AH
     49
     50					 ; END PROGRAM
     51	001D  B8 4C00			 MOV AX, 4C00H
     52	0020  CD 21			 INT 21H
     53
     54	0022			     MAIN ENDP
     55
     56	0022			     CODE ENDS
     57
Turbo Assembler	 Version 2.0	    03/04/22 18:21:36	    Page 2
Lab1C.asm



     58				     END MAIN
Turbo Assembler	 Version 2.0	    03/04/22 18:21:36	    Page 3
Symbol Table




Symbol Name			  Type	 Value

??DATE				  Text	 "03/04/22"
??FILENAME			  Text	 "Lab1C	  "
??TIME				  Text	 "18:21:36"
??VERSION			  Number 0200
@CPU				  Text	 0101H
@CURSEG				  Text	 CODE
@FILENAME			  Text	 LAB1C
@WORDSIZE			  Text	 2
DRINK				  Word	 DATA:0001
LONGLIVE_MBS			  Byte	 DATA:0000
MAIN				  Near	 CODE:0000
TABLE300			  Byte	 DATA:0003
TOTALERROR2			  Byte	 DATA:012F

Groups & Segments		  Bit Size Align  Combine Class

CODE				  16  0022 Para	  none
DATA				  16  014C Para	  none
PILA				  16  0100 Para	  Stack	  STACK
