Turbo Assembler	 Version 2.0	    03/04/22 17:54:27	    Page 1
Lab1A.asm



      1				     ; Lab1A.asm file
      2				     ; AUTHOR: PABLO CUESTA SIERRA
      3
      4				     ; STACK SEGMENT
      5	0000			     PILA    SEGMENT STACK "STACK"
      6	0000  0100*(00)			 DB   100H DUP (0)
      7	0100			     PILA ENDS
      8
      9				     ; CODE SEGMENT
     10	0000			     CODE    SEGMENT
     11					 ASSUME	 SS:PILA
     12
     13	0000			     MAIN PROC
     14					 ;INIT SEG REGISTERS
     15	0000  B8 0000s			 MOV AX, PILA
     16	0003  8E D0			 MOV SS, AX
     17					 ; STACK POINTER
     18	0005  BC 0100			 MOV SP, 100H
     19
     20					 ;START	PROGRAM
     21
     22				     ; Load 8BH	in AX
     23	0008  B8 008B			 MOV AX, 8BH
     24				     ; Load CFH	in BL
     25	000B  B3 CF			 MOV BL, 0CFH
     26				     ; Load 3412H in DX
     27	000D  BA 3412			 MOV DX, 3412H
     28				     ; Load 11001011b in DS
     29	0010  B8 00CB			 MOV AX, 11001011B
     30	0013  8E D8			 MOV DS, AX
     31				     ; Load the	content	of DX in CX
     32	0015  8B CA			 MOV CX, DX
     33				     ; Load in BH the content of the memory position
     34				     ; 51223H and in BL	the content of the position 51222H
     35	0017  B8 5122			 MOV AX, 5122H
     36	001A  8E C0			 MOV ES, AX
     37	001C  26: 8B 1E	0002		 MOV BX, ES:[2]
     38				     ; Load in the memory position 60006H the content of DH.
     39	0021  B8 6000			 MOV AX, 6000H
     40	0024  8E C0			 MOV ES, AX
     41	0026  26: 88 36	0006		 MOV ES:[6], DH
     42				     ; Load in AX the content of the memory address pointed by SI.
     43	002B  8B 04			 MOV AX, [SI]
     44				     ; Load in BX the content of the memory address that is 10 bytes over the address
     45				     ; pointed by BP
     46	002D  8B 5E 0A			 MOV BX, [BP+10]
     47
     48					 ; END PROGRAM
     49	0030  B8 4C00			 MOV AX, 4C00H
     50	0033  CD 21			 INT 21H
     51
     52	0035			     MAIN ENDP
     53
     54	0035			     CODE ENDS
     55
     56				     END MAIN
Turbo Assembler	 Version 2.0	    03/04/22 17:54:27	    Page 2
Symbol Table




Symbol Name			  Type	 Value

??DATE				  Text	 "03/04/22"
??FILENAME			  Text	 "Lab1A	  "
??TIME				  Text	 "17:54:26"
??VERSION			  Number 0200
@CPU				  Text	 0101H
@CURSEG				  Text	 CODE
@FILENAME			  Text	 LAB1A
@WORDSIZE			  Text	 2
MAIN				  Near	 CODE:0000

Groups & Segments		  Bit Size Align  Combine Class

CODE				  16  0035 Para	  none
PILA				  16  0100 Para	  Stack	  STACK
